// Jest Snapshot v1, https://goo.gl/fbAQLP

exports[`container matches a snapshot 1`] = `
<Fragment>
  <Controls
    actions={
      Array [
        Object {
          "name": "DRINK_COFFEE",
          "stateName": "coffees",
          "text": "Drink Coffee",
        },
        Object {
          "name": "EAT_SNACK",
          "stateName": "snacks",
          "text": "Snack",
        },
        Object {
          "name": "TAKE_NAP",
          "stateName": "naps",
          "text": "Nap",
        },
        Object {
          "name": "STUDY",
          "stateName": "studies",
          "text": "Study",
        },
      ]
    }
    handleSelection={[Function]}
  />
  <Face
    emoji=">:("
  />
</Fragment>
`;
